2026-05-31 19:00:50,134 - aqt.main - INFO - installer 139806125230976 aqtinstall(aqt) v3.1.5 on Python 3.12.13 [CPython GCC 11.4.0]
2026-05-31 19:00:50,434 - aqt.main - INFO - installer 140630050548608 aqtinstall(aqt) v3.1.5 on Python 3.12.13 [CPython GCC 11.4.0]
2026-05-31 19:00:50,435 - aqt.helper - DEBUG - helper 140630050548608 Attempt to download checksum at https://download.qt.io/online/qtsdkrepository/linux_x64/desktop/qt6_642/Updates.xml.sha256
2026-05-31 19:00:52,532 - aqt.helper - DEBUG - helper 140124051635072 Attempt to download checksum at https://download.qt.io/online/qtsdkrepository/linux_x64/desktop/qt6_642/qt.qt6.642.addons.qtmultimedia.gcc_64/6.4.2-0-202212131055qtmultimedia-Linux-RHEL_8_4-GCC-Linux-RHEL_8_4-X86_64.7z.sha256
2026-05-31 19:00:52,533 - aqt.helper - DEBUG - helper 140071925021568 Attempt to download checksum at https://download.qt.io/online/qtsdkrepository/linux_x64/desktop/qt6_642/qt.qt6.642.gcc_64/6.4.2-0-202212131055qtbase-Linux-RHEL_8_4-GCC-Linux-RHEL_8_4-X86_64.7z.sha256
2026-05-31 19:00:52,544 - aqt.helper - DEBUG - helper 140104107457408 Attempt to download checksum at https://download.qt.io/online/qtsdkrepository/linux_x64/desktop/qt6_642/qt.qt6.642.gcc_64/6.4.2-0-202212131055qtsvg-Linux-RHEL_8_4-GCC-Linux-RHEL_8_4-X86_64.7z.sha256
2026-05-31 19:00:52,546 - aqt.helper - DEBUG - helper 140158396566400 Attempt to download checksum at https://download.qt.io/online/qtsdkrepository/linux_x64/desktop/qt6_642/qt.qt6.642.gcc_64/6.4.2-0-202212131055qtdeclarative-Linux-RHEL_8_4-GCC-Linux-RHEL_8_4-X86_64.7z.sha256
2026-05-31 19:00:53,373 - aqt.helper - INFO - helper 140158396566400 Downloading qtdeclarative...
2026-05-31 19:00:53,373 - aqt.helper - INFO - helper 140071925021568 Downloading qtbase...
2026-05-31 19:00:53,373 - aqt.helper - INFO - helper 140124051635072 Downloading qtmultimedia...
2026-05-31 19:00:53,373 - aqt.installer - DEBUG - installer 140158396566400 Download URL: https://download.qt.io/online/qtsdkrepository/linux_x64/desktop/qt6_642/qt.qt6.642.gcc_64/6.4.2-0-202212131055qtdeclarative-Linux-RHEL_8_4-GCC-Linux-RHEL_8_4-X86_64.7z
2026-05-31 19:00:53,374 - aqt.installer - DEBUG - installer 140124051635072 Download URL: https://download.qt.io/online/qtsdkrepository/linux_x64/desktop/qt6_642/qt.qt6.642.addons.qtmultimedia.gcc_64/6.4.2-0-202212131055qtmultimedia-Linux-RHEL_8_4-GCC-Linux-RHEL_8_4-X86_64.7z
2026-05-31 19:00:53,374 - aqt.installer - DEBUG - installer 140071925021568 Download URL: https://download.qt.io/online/qtsdkrepository/linux_x64/desktop/qt6_642/qt.qt6.642.gcc_64/6.4.2-0-202212131055qtbase-Linux-RHEL_8_4-GCC-Linux-RHEL_8_4-X86_64.7z
2026-05-31 19:00:53,395 - aqt.helper - INFO - helper 140104107457408 Downloading qtsvg...
2026-05-31 19:00:53,396 - aqt.installer - DEBUG - installer 140104107457408 Download URL: https://download.qt.io/online/qtsdkrepository/linux_x64/desktop/qt6_642/qt.qt6.642.gcc_64/6.4.2-0-202212131055qtsvg-Linux-RHEL_8_4-GCC-Linux-RHEL_8_4-X86_64.7z
2026-05-31 19:00:54,054 - aqt.helper - DEBUG - helper 140071925021568 Asked to redirect(302) to: https://qt.mirror.constant.com/online/qtsdkrepository/linux_x64/desktop/qt6_642/qt.qt6.642.gcc_64/6.4.2-0-202212131055qtbase-Linux-RHEL_8_4-GCC-Linux-RHEL_8_4-X86_64.7z
2026-05-31 19:00:54,054 - aqt.helper - INFO - helper 140071925021568 Redirected: qt.mirror.constant.com
2026-05-31 19:00:54,061 - aqt.helper - DEBUG - helper 140124051635072 Asked to redirect(302) to: https://qt.mirror.constant.com/online/qtsdkrepository/linux_x64/desktop/qt6_642/qt.qt6.642.addons.qtmultimedia.gcc_64/6.4.2-0-202212131055qtmultimedia-Linux-RHEL_8_4-GCC-Linux-RHEL_8_4-X86_64.7z
2026-05-31 19:00:54,061 - aqt.helper - INFO - helper 140124051635072 Redirected: qt.mirror.constant.com
2026-05-31 19:00:54,062 - aqt.helper - DEBUG - helper 140104107457408 Asked to redirect(302) to: https://qt.mirror.constant.com/online/qtsdkrepository/linux_x64/desktop/qt6_642/qt.qt6.642.gcc_64/6.4.2-0-202212131055qtsvg-Linux-RHEL_8_4-GCC-Linux-RHEL_8_4-X86_64.7z
2026-05-31 19:00:54,062 - aqt.helper - INFO - helper 140104107457408 Redirected: qt.mirror.constant.com
2026-05-31 19:00:54,083 - aqt.helper - DEBUG - helper 140158396566400 Asked to redirect(302) to: https://qt.mirror.constant.com/online/qtsdkrepository/linux_x64/desktop/qt6_642/qt.qt6.642.gcc_64/6.4.2-0-202212131055qtdeclarative-Linux-RHEL_8_4-GCC-Linux-RHEL_8_4-X86_64.7z
2026-05-31 19:00:54,083 - aqt.helper - INFO - helper 140158396566400 Redirected: qt.mirror.constant.com
2026-05-31 19:00:54,598 - aqt.installer - INFO - installer 140104107457408 Finished installation of qtsvg-Linux-RHEL_8_4-GCC-Linux-RHEL_8_4-X86_64.7z in 2.05576726
2026-05-31 19:00:54,610 - aqt.helper - DEBUG - helper 140104107457408 Attempt to download checksum at https://download.qt.io/online/qtsdkrepository/linux_x64/desktop/qt6_642/qt.qt6.642.gcc_64/6.4.2-0-202212131055qttools-Linux-RHEL_8_4-GCC-Linux-RHEL_8_4-X86_64.7z.sha256
2026-05-31 19:00:55,273 - aqt.helper - INFO - helper 140104107457408 Downloading qttools...
2026-05-31 19:00:55,273 - aqt.installer - DEBUG - installer 140104107457408 Download URL: https://download.qt.io/online/qtsdkrepository/linux_x64/desktop/qt6_642/qt.qt6.642.gcc_64/6.4.2-0-202212131055qttools-Linux-RHEL_8_4-GCC-Linux-RHEL_8_4-X86_64.7z
2026-05-31 19:00:55,943 - aqt.helper - DEBUG - helper 140104107457408 Asked to redirect(302) to: https://qt.mirror.constant.com/online/qtsdkrepository/linux_x64/desktop/qt6_642/qt.qt6.642.gcc_64/6.4.2-0-202212131055qttools-Linux-RHEL_8_4-GCC-Linux-RHEL_8_4-X86_64.7z
2026-05-31 19:00:55,943 - aqt.helper - INFO - helper 140104107457408 Redirected: qt.mirror.constant.com
2026-05-31 19:00:56,274 - aqt.installer - INFO - installer 140124051635072 Finished installation of qtmultimedia-Linux-RHEL_8_4-GCC-Linux-RHEL_8_4-X86_64.7z in 3.74539248
2026-05-31 19:00:56,287 - aqt.helper - DEBUG - helper 140124051635072 Attempt to download checksum at https://download.qt.io/online/qtsdkrepository/linux_x64/desktop/qt6_642/qt.qt6.642.gcc_64/6.4.2-0-202212131055qttranslations-Linux-RHEL_8_4-GCC-Linux-RHEL_8_4-X86_64.7z.sha256
2026-05-31 19:00:57,104 - aqt.helper - INFO - helper 140124051635072 Downloading qttranslations...
2026-05-31 19:00:57,105 - aqt.installer - DEBUG - installer 140124051635072 Download URL: https://download.qt.io/online/qtsdkrepository/linux_x64/desktop/qt6_642/qt.qt6.642.gcc_64/6.4.2-0-202212131055qttranslations-Linux-RHEL_8_4-GCC-Linux-RHEL_8_4-X86_64.7z
2026-05-31 19:00:57,949 - aqt.helper - DEBUG - helper 140124051635072 Asked to redirect(302) to: https://qt.mirror.constant.com/online/qtsdkrepository/linux_x64/desktop/qt6_642/qt.qt6.642.gcc_64/6.4.2-0-202212131055qttranslations-Linux-RHEL_8_4-GCC-Linux-RHEL_8_4-X86_64.7z
2026-05-31 19:00:57,949 - aqt.helper - INFO - helper 140124051635072 Redirected: qt.mirror.constant.com
2026-05-31 19:00:58,476 - aqt.installer - INFO - installer 140071925021568 Finished installation of qtbase-Linux-RHEL_8_4-GCC-Linux-RHEL_8_4-X86_64.7z in 5.94611797
2026-05-31 19:00:58,497 - aqt.helper - DEBUG - helper 140071925021568 Attempt to download checksum at https://download.qt.io/online/qtsdkrepository/linux_x64/desktop/qt6_642/qt.qt6.642.gcc_64/6.4.2-0-202212131055qtwayland-Linux-RHEL_8_4-GCC-Linux-RHEL_8_4-X86_64.7z.sha256
2026-05-31 19:00:58,900 - aqt.installer - INFO - installer 140124051635072 Finished installation of qttranslations-Linux-RHEL_8_4-GCC-Linux-RHEL_8_4-X86_64.7z in 2.61480701
2026-05-31 19:00:58,916 - aqt.helper - DEBUG - helper 140124051635072 Attempt to download checksum at https://download.qt.io/online/qtsdkrepository/linux_x64/desktop/qt6_642/qt.qt6.642.gcc_64/6.4.2-0-202212131055icu-linux-Rhel7.2-x64.7z.sha256
2026-05-31 19:00:59,162 - aqt.helper - INFO - helper 140071925021568 Downloading qtwayland...
2026-05-31 19:00:59,162 - aqt.installer - DEBUG - installer 140071925021568 Download URL: https://download.qt.io/online/qtsdkrepository/linux_x64/desktop/qt6_642/qt.qt6.642.gcc_64/6.4.2-0-202212131055qtwayland-Linux-RHEL_8_4-GCC-Linux-RHEL_8_4-X86_64.7z
2026-05-31 19:00:59,646 - aqt.helper - INFO - helper 140124051635072 Downloading icu...
2026-05-31 19:00:59,647 - aqt.installer - DEBUG - installer 140124051635072 Download URL: https://download.qt.io/online/qtsdkrepository/linux_x64/desktop/qt6_642/qt.qt6.642.gcc_64/6.4.2-0-202212131055icu-linux-Rhel7.2-x64.7z
2026-05-31 19:00:59,997 - aqt.installer - INFO - installer 140104107457408 Finished installation of qttools-Linux-RHEL_8_4-GCC-Linux-RHEL_8_4-X86_64.7z in 5.38782216
2026-05-31 19:01:00,009 - aqt.helper - DEBUG - helper 140071925021568 Asked to redirect(302) to: https://qt.mirror.constant.com/online/qtsdkrepository/linux_x64/desktop/qt6_642/qt.qt6.642.gcc_64/6.4.2-0-202212131055qtwayland-Linux-RHEL_8_4-GCC-Linux-RHEL_8_4-X86_64.7z
2026-05-31 19:01:00,009 - aqt.helper - INFO - helper 140071925021568 Redirected: qt.mirror.constant.com
2026-05-31 19:01:00,013 - aqt.helper - DEBUG - helper 140104107457408 Attempt to download checksum at https://download.qt.io/online/qtsdkrepository/linux_x64/desktop/qt6_642/qt.qt6.642.qt5compat.gcc_64/6.4.2-0-202212131055qt5compat-Linux-RHEL_8_4-GCC-Linux-RHEL_8_4-X86_64.7z.sha256
2026-05-31 19:01:00,314 - aqt.helper - DEBUG - helper 140124051635072 Asked to redirect(302) to: https://qt.mirror.constant.com/online/qtsdkrepository/linux_x64/desktop/qt6_642/qt.qt6.642.gcc_64/6.4.2-0-202212131055icu-linux-Rhel7.2-x64.7z
2026-05-31 19:01:00,314 - aqt.helper - INFO - helper 140124051635072 Redirected: qt.mirror.constant.com
2026-05-31 19:01:00,749 - aqt.installer - INFO - installer 140071925021568 Finished installation of qtwayland-Linux-RHEL_8_4-GCC-Linux-RHEL_8_4-X86_64.7z in 2.25474764
2026-05-31 19:01:00,849 - aqt.helper - INFO - helper 140104107457408 Downloading qt5compat...
2026-05-31 19:01:00,850 - aqt.installer - DEBUG - installer 140104107457408 Download URL: https://download.qt.io/online/qtsdkrepository/linux_x64/desktop/qt6_642/qt.qt6.642.qt5compat.gcc_64/6.4.2-0-202212131055qt5compat-Linux-RHEL_8_4-GCC-Linux-RHEL_8_4-X86_64.7z
2026-05-31 19:01:01,065 - aqt.installer - INFO - installer 140158396566400 Finished installation of qtdeclarative-Linux-RHEL_8_4-GCC-Linux-RHEL_8_4-X86_64.7z in 8.52038710
2026-05-31 19:01:01,504 - aqt.helper - DEBUG - helper 140104107457408 Asked to redirect(302) to: https://qt.mirror.constant.com/online/qtsdkrepository/linux_x64/desktop/qt6_642/qt.qt6.642.qt5compat.gcc_64/6.4.2-0-202212131055qt5compat-Linux-RHEL_8_4-GCC-Linux-RHEL_8_4-X86_64.7z
2026-05-31 19:01:01,504 - aqt.helper - INFO - helper 140104107457408 Redirected: qt.mirror.constant.com
2026-05-31 19:01:01,698 - aqt.installer - INFO - installer 140124051635072 Finished installation of icu-linux-Rhel7.2-x64.7z in 2.78375167
2026-05-31 19:01:02,110 - aqt.installer - INFO - installer 140104107457408 Finished installation of qt5compat-Linux-RHEL_8_4-GCC-Linux-RHEL_8_4-X86_64.7z in 2.09797182
2026-05-31 19:01:02,199 - aqt.updater - INFO - updater 140630050548608 Patching /home/runner/work/Viewport/Qt/6.4.2/gcc_64/bin/qmake
2026-05-31 19:01:02,203 - aqt.updater - INFO - updater 140630050548608 Patching /home/runner/work/Viewport/Qt/6.4.2/gcc_64/lib/pkgconfig/Qt6Test.pc
2026-05-31 19:01:02,203 - aqt.updater - INFO - updater 140630050548608 Patching /home/runner/work/Viewport/Qt/6.4.2/gcc_64/lib/pkgconfig/Qt6QuickDialogs2QuickImpl.pc
2026-05-31 19:01:02,204 - aqt.updater - INFO - updater 140630050548608 Patching /home/runner/work/Viewport/Qt/6.4.2/gcc_64/lib/pkgconfig/Qt6QuickLayouts.pc
2026-05-31 19:01:02,204 - aqt.updater - INFO - updater 140630050548608 Patching /home/runner/work/Viewport/Qt/6.4.2/gcc_64/lib/pkgconfig/Qt6QuickTemplates2.pc
2026-05-31 19:01:02,204 - aqt.updater - INFO - updater 140630050548608 Patching /home/runner/work/Viewport/Qt/6.4.2/gcc_64/lib/pkgconfig/Qt6Quick.pc
2026-05-31 19:01:02,204 - aqt.updater - INFO - updater 140630050548608 Patching /home/runner/work/Viewport/Qt/6.4.2/gcc_64/lib/pkgconfig/Qt6LabsWavefrontMesh.pc
2026-05-31 19:01:02,205 - aqt.updater - INFO - updater 140630050548608 Patching /home/runner/work/Viewport/Qt/6.4.2/gcc_64/lib/pkgconfig/Qt6QmlWorkerScript.pc
2026-05-31 19:01:02,205 - aqt.updater - INFO - updater 140630050548608 Patching /home/runner/work/Viewport/Qt/6.4.2/gcc_64/lib/pkgconfig/Qt6Xml.pc
2026-05-31 19:01:02,205 - aqt.updater - INFO - updater 140630050548608 Patching /home/runner/work/Viewport/Qt/6.4.2/gcc_64/lib/pkgconfig/Qt6LabsQmlModels.pc
2026-05-31 19:01:02,205 - aqt.updater - INFO - updater 140630050548608 Patching /home/runner/work/Viewport/Qt/6.4.2/gcc_64/lib/pkgconfig/Qt6Qml.pc
2026-05-31 19:01:02,206 - aqt.updater - INFO - updater 140630050548608 Patching /home/runner/work/Viewport/Qt/6.4.2/gcc_64/lib/pkgconfig/Qt6PrintSupport.pc
2026-05-31 19:01:02,206 - aqt.updater - INFO - updater 140630050548608 Patching /home/runner/work/Viewport/Qt/6.4.2/gcc_64/lib/pkgconfig/Qt6QuickWidgets.pc
2026-05-31 19:01:02,206 - aqt.updater - INFO - updater 140630050548608 Patching /home/runner/work/Viewport/Qt/6.4.2/gcc_64/lib/pkgconfig/Qt6QuickTest.pc
2026-05-31 19:01:02,206 - aqt.updater - INFO - updater 140630050548608 Patching /home/runner/work/Viewport/Qt/6.4.2/gcc_64/lib/pkgconfig/Qt6Designer.pc
2026-05-31 19:01:02,207 - aqt.updater - INFO - updater 140630050548608 Patching /home/runner/work/Viewport/Qt/6.4.2/gcc_64/lib/pkgconfig/Qt6Svg.pc
2026-05-31 19:01:02,207 - aqt.updater - INFO - updater 140630050548608 Patching /home/runner/work/Viewport/Qt/6.4.2/gcc_64/lib/pkgconfig/Qt6Sql.pc
2026-05-31 19:01:02,207 - aqt.updater - INFO - updater 140630050548608 Patching /home/runner/work/Viewport/Qt/6.4.2/gcc_64/lib/pkgconfig/Qt6Platform.pc
2026-05-31 19:01:02,207 - aqt.updater - INFO - updater 140630050548608 Patching /home/runner/work/Viewport/Qt/6.4.2/gcc_64/lib/pkgconfig/Qt6LabsAnimation.pc
2026-05-31 19:01:02,208 - aqt.updater - INFO - updater 140630050548608 Patching /home/runner/work/Viewport/Qt/6.4.2/gcc_64/lib/pkgconfig/Qt6QmlLocalStorage.pc
2026-05-31 19:01:02,208 - aqt.updater - INFO - updater 140630050548608 Patching /home/runner/work/Viewport/Qt/6.4.2/gcc_64/lib/pkgconfig/Qt6SvgWidgets.pc
2026-05-31 19:01:02,208 - aqt.updater - INFO - updater 140630050548608 Patching /home/runner/work/Viewport/Qt/6.4.2/gcc_64/lib/pkgconfig/Qt6UiPlugin.pc
2026-05-31 19:01:02,208 - aqt.updater - INFO - updater 140630050548608 Patching /home/runner/work/Viewport/Qt/6.4.2/gcc_64/lib/pkgconfig/Qt6DBus.pc
2026-05-31 19:01:02,209 - aqt.updater - INFO - updater 140630050548608 Patching /home/runner/work/Viewport/Qt/6.4.2/gcc_64/lib/pkgconfig/Qt6SpatialAudio.pc
2026-05-31 19:01:02,209 - aqt.updater - INFO - updater 140630050548608 Patching /home/runner/work/Viewport/Qt/6.4.2/gcc_64/lib/pkgconfig/Qt6LabsSettings.pc
2026-05-31 19:01:02,209 - aqt.updater - INFO - updater 140630050548608 Patching /home/runner/work/Viewport/Qt/6.4.2/gcc_64/lib/pkgconfig/Qt6Multimedia.pc
2026-05-31 19:01:02,209 - aqt.updater - INFO - updater 140630050548608 Patching /home/runner/work/Viewport/Qt/6.4.2/gcc_64/lib/pkgconfig/Qt6QuickControls2.pc
2026-05-31 19:01:02,210 - aqt.updater - INFO - updater 140630050548608 Patching /home/runner/work/Viewport/Qt/6.4.2/gcc_64/lib/pkgconfig/Qt6OpenGL.pc
2026-05-31 19:01:02,210 - aqt.updater - INFO - updater 140630050548608 Patching /home/runner/work/Viewport/Qt/6.4.2/gcc_64/lib/pkgconfig/Qt6Core5Compat.pc
2026-05-31 19:01:02,210 - aqt.updater - INFO - updater 140630050548608 Patching /home/runner/work/Viewport/Qt/6.4.2/gcc_64/lib/pkgconfig/Qt6QmlCore.pc
2026-05-31 19:01:02,210 - aqt.updater - INFO - updater 140630050548608 Patching /home/runner/work/Viewport/Qt/6.4.2/gcc_64/lib/pkgconfig/Qt6Core.pc
2026-05-31 19:01:02,211 - aqt.updater - INFO - updater 140630050548608 Patching /home/runner/work/Viewport/Qt/6.4.2/gcc_64/lib/pkgconfig/Qt6Widgets.pc
2026-05-31 19:01:02,211 - aqt.updater - INFO - updater 140630050548608 Patching /home/runner/work/Viewport/Qt/6.4.2/gcc_64/lib/pkgconfig/Qt6QmlIntegration.pc
2026-05-31 19:01:02,211 - aqt.updater - INFO - updater 140630050548608 Patching /home/runner/work/Viewport/Qt/6.4.2/gcc_64/lib/pkgconfig/Qt6Gui.pc
2026-05-31 19:01:02,211 - aqt.updater - INFO - updater 140630050548608 Patching /home/runner/work/Viewport/Qt/6.4.2/gcc_64/lib/pkgconfig/Qt6Linguist.pc
2026-05-31 19:01:02,212 - aqt.updater - INFO - updater 140630050548608 Patching /home/runner/work/Viewport/Qt/6.4.2/gcc_64/lib/pkgconfig/Qt6OpenGLWidgets.pc
2026-05-31 19:01:02,212 - aqt.updater - INFO - updater 140630050548608 Patching /home/runner/work/Viewport/Qt/6.4.2/gcc_64/lib/pkgconfig/Qt6QmlModels.pc
2026-05-31 19:01:02,212 - aqt.updater - INFO - updater 140630050548608 Patching /home/runner/work/Viewport/Qt/6.4.2/gcc_64/lib/pkgconfig/Qt6QuickDialogs2Utils.pc
2026-05-31 19:01:02,212 - aqt.updater - INFO - updater 140630050548608 Patching /home/runner/work/Viewport/Qt/6.4.2/gcc_64/lib/pkgconfig/Qt6Concurrent.pc
2026-05-31 19:01:02,213 - aqt.updater - INFO - updater 140630050548608 Patching /home/runner/work/Viewport/Qt/6.4.2/gcc_64/lib/pkgconfig/Qt6Network.pc
2026-05-31 19:01:02,213 - aqt.updater - INFO - updater 140630050548608 Patching /home/runner/work/Viewport/Qt/6.4.2/gcc_64/lib/pkgconfig/Qt6WaylandClient.pc
2026-05-31 19:01:02,213 - aqt.updater - INFO - updater 140630050548608 Patching /home/runner/work/Viewport/Qt/6.4.2/gcc_64/lib/pkgconfig/Qt6MultimediaWidgets.pc
2026-05-31 19:01:02,213 - aqt.updater - INFO - updater 140630050548608 Patching /home/runner/work/Viewport/Qt/6.4.2/gcc_64/lib/pkgconfig/Qt6Help.pc
2026-05-31 19:01:02,214 - aqt.updater - INFO - updater 140630050548608 Patching /home/runner/work/Viewport/Qt/6.4.2/gcc_64/lib/pkgconfig/Qt6LabsSharedImage.pc
2026-05-31 19:01:02,214 - aqt.updater - INFO - updater 140630050548608 Patching /home/runner/work/Viewport/Qt/6.4.2/gcc_64/lib/pkgconfig/Qt6QmlXmlListModel.pc
2026-05-31 19:01:02,214 - aqt.updater - INFO - updater 140630050548608 Patching /home/runner/work/Viewport/Qt/6.4.2/gcc_64/lib/pkgconfig/Qt6UiTools.pc
2026-05-31 19:01:02,214 - aqt.updater - INFO - updater 140630050548608 Patching /home/runner/work/Viewport/Qt/6.4.2/gcc_64/lib/pkgconfig/Qt6QuickControls2Impl.pc
2026-05-31 19:01:02,214 - aqt.updater - INFO - updater 140630050548608 Patching /home/runner/work/Viewport/Qt/6.4.2/gcc_64/lib/pkgconfig/Qt6LabsFolderListModel.pc
2026-05-31 19:01:02,215 - aqt.updater - INFO - updater 140630050548608 Patching /home/runner/work/Viewport/Qt/6.4.2/gcc_64/lib/pkgconfig/Qt6QuickDialogs2.pc
2026-05-31 19:01:02,216 - aqt.main - INFO - installer 140630050548608 Finished installation
2026-05-31 19:01:02,216 - aqt.main - INFO - installer 140630050548608 Time elapsed: 11.78156893 second
